0   STOP_CODE
1   POP_TOP
2   ROT_TWO
3   ROT_THREE
4   DUP_TOP
5   ROT_FOUR
10  UNARY_POSITIVE
11  UNARY_NEGATIVE
12  UNARY_NOT
13  UNARY_CONVERT
15  UNARY_INVERT
19  BINARY_POWER
20  BINARY_MULTIPLY
21  BINARY_DIVIDE
22  BINARY_MODULO
23  BINARY_ADD
24  BINARY_SUBTRACT
25  BINARY_SUBSCR
26  BINARY_FLOOR_DIVIDE
27  BINARY_TRUE_DIVIDE
28  INPLACE_FLOOR_DIVIDE
29  INPLACE_TRUE_DIVIDE
30  SLICE_0
31  SLICE_1
32  SLICE_2
33  SLICE_3
40  STORE_SLICE_0
41  STORE_SLICE_1
42  STORE_SLICE_2
43  STORE_SLICE_3
50  DELETE_SLICE_0
51  DELETE_SLICE_1
52  DELETE_SLICE_2
53  DELETE_SLICE_3
55  INPLACE_ADD
56  INPLACE_SUBTRACT
57  INPLACE_MULTIPLY
58  INPLACE_DIVIDE
59  INPLACE_MODULO
60  STORE_SUBSCR
61  DELETE_SUBSCR
62  BINARY_LSHIFT
63  BINARY_RSHIFT
64  BINARY_AND
65  BINARY_XOR
66  BINARY_OR
67  INPLACE_POWER
68  GET_ITER
70  PRINT_EXPR
71  PRINT_ITEM
72  PRINT_NEWLINE
73  PRINT_ITEM_TO
74  PRINT_NEWLINE_TO
75  INPLACE_LSHIFT
76  INPLACE_RSHIFT
77  INPLACE_AND
78  INPLACE_XOR
79  INPLACE_OR
80  BREAK_LOOP
82  LOAD_LOCALS
83  RETURN_VALUE
84  IMPORT_STAR
85  EXEC_STMT
86  YIELD_VALUE
87  POP_BLOCK
88  END_FINALLY
89  BUILD_CLASS
90  STORE_NAME_A
91  DELETE_NAME_A
92  UNPACK_SEQUENCE_A
93  FOR_ITER_A
95  STORE_ATTR_A
96  DELETE_ATTR_A
97  STORE_GLOBAL_A
98  DELETE_GLOBAL_A
99  DUP_TOPX_A
100 LOAD_CONST_A
101 LOAD_NAME_A
102 BUILD_TUPLE_A
103 BUILD_LIST_A
104 BUILD_MAP_A
105 LOAD_ATTR_A
106 COMPARE_OP_A
107 IMPORT_NAME_A
108 IMPORT_FROM_A
110 JUMP_FORWARD_A
111 JUMP_IF_FALSE_A
112 JUMP_IF_TRUE_A
113 JUMP_ABSOLUTE_A
116 LOAD_GLOBAL_A
119 CONTINUE_LOOP_A
120 SETUP_LOOP_A
121 SETUP_EXCEPT_A
122 SETUP_FINALLY_A
124 LOAD_FAST_A
125 STORE_FAST_A
126 DELETE_FAST_A
130 RAISE_VARARGS_A
131 CALL_FUNCTION_A
132 MAKE_FUNCTION_A
133 BUILD_SLICE_A
134 MAKE_CLOSURE_A
135 LOAD_CLOSURE_A
136 LOAD_DEREF_A
137 STORE_DEREF_A
140 CALL_FUNCTION_VAR_A
141 CALL_FUNCTION_KW_A
142 CALL_FUNCTION_VAR_KW_A
143 EXTENDED_ARG_A
