0   STOP_CODE
1   POP_TOP
2   ROT_TWO
3   ROT_THREE
4   DUP_TOP
10  UNARY_POSITIVE
11  UNARY_NEGATIVE
12  UNARY_NOT
13  UNARY_CONVERT
15  UNARY_INVERT
19  BINARY_POWER
20  BINARY_MULTIPLY
21  BINARY_DIVIDE
22  BINARY_MODULO
23  BINARY_ADD
24  BINARY_SUBTRACT
25  BINARY_SUBSCR
30  SLICE_0
31  SLICE_1
32  SLICE_2
33  SLICE_3
40  STORE_SLICE_0
41  STORE_SLICE_1
42  STORE_SLICE_2
43  STORE_SLICE_3
50  DELETE_SLICE_0
51  DELETE_SLICE_1
52  DELETE_SLICE_2
53  DELETE_SLICE_3
60  STORE_SUBSCR
61  DELETE_SUBSCR
62  BINARY_LSHIFT
63  BINARY_RSHIFT
64  BINARY_AND
65  BINARY_XOR
66  BINARY_OR
70  PRINT_EXPR
71  PRINT_ITEM
72  PRINT_NEWLINE
80  BREAK_LOOP
82  LOAD_LOCALS
83  RETURN_VALUE
85  EXEC_STMT
87  POP_BLOCK
88  END_FINALLY
89  BUILD_CLASS
90  STORE_NAME_A
91  DELETE_NAME_A
92  UNPACK_TUPLE_A
93  UNPACK_LIST_A
94  UNPACK_ARG_A
95  STORE_ATTR_A
96  DELETE_ATTR_A
97  STORE_GLOBAL_A
98  DELETE_GLOBAL_A
99  UNPACK_VARARG_A
100 LOAD_CONST_A
101 LOAD_NAME_A
102 BUILD_TUPLE_A
103 BUILD_LIST_A
104 BUILD_MAP_A
105 LOAD_ATTR_A
106 COMPARE_OP_A
107 IMPORT_NAME_A
108 IMPORT_FROM_A
109 ACCESS_MODE_A
110 JUMP_FORWARD_A
111 JUMP_IF_FALSE_A
112 JUMP_IF_TRUE_A
113 JUMP_ABSOLUTE_A
114 FOR_LOOP_A
115 LOAD_LOCAL_A
116 LOAD_GLOBAL_A
117 SET_FUNC_ARGS_A
120 SETUP_LOOP_A
121 SETUP_EXCEPT_A
122 SETUP_FINALLY_A
124 LOAD_FAST_A
125 STORE_FAST_A
126 DELETE_FAST_A
127 SET_LINENO_A
130 RAISE_VARARGS_A
131 CALL_FUNCTION_A
132 MAKE_FUNCTION_A
133 BUILD_SLICE_A
